[dotenv@17.2.3] injecting env (1) from .env -- tip: ≡ƒ¢á∩╕Å  run anywhere with `dotenvx run -- yourcommand`
[dotenv@17.2.3] injecting env (0) from .env -- tip: ΓÜÖ∩╕Å  load multiple .env files with { path: ['.env.local', '.env'] }
[dotenv@17.2.3] injecting env (0) from .env -- tip: ≡ƒöä add secrets lifecycle management: https://dotenvx.com/ops
[dotenv@17.2.3] injecting env (0) from .env -- tip: ≡ƒæÑ sync secrets across teammates & machines: https://dotenvx.com/ops
[dotenv@17.2.3] injecting env (0) from .env -- tip: ΓÜÖ∩╕Å  enable debug logging with { debug: true }
=== RESULTS FROM resultsFunc ===
[
  {
    "file": "sample.pdf",
    "success": false,
    "error": "ENOENT: no such file or directory, open 'E:\\convertApi\\uploads\\27457076ce0c8cb0b6a969651673df84'"
  }
]
=== VALID JSON COUNT === 0
JSON response: { success: false, error: 'No valid data extracted' }
Excel rows (preview): [
  {
    order: '11-074',
    client: 'de Verbinding',
    pcs: '2',
    item: 'headstones',
    material: 'indian aurora',
    length: '55',
    width: '105',
    thick: '8',
    m3: '0.092'
  },
  {
    order: '11-074',
    client: 'de Verbinding',
    pcs: '1',
    item: 'base',
    material: 'indian aurora',
    length: '13',
    width: '25',
    thick: '10',
    m3: '0.033'
  },
  {
    order: '11-074',
    client: 'de Verbinding',
    pcs: '2',
    item: 'sidekerbs',
    material: 'indian aurora',
    length: '22',
    width: '15',
    thick: '8',
    m3: '0.053'
  },
  {
    order: '11-074',
    client: 'de Verbinding',
    pcs: '1',
    item: 'frontkerb',
    material: 'indian aurora',
    length: '13',
    width: '15',
    thick: '8',
    m3: '0.016'
  },
  {
    order: '11-074',
    client: 'de Verbinding',
    pcs: '1',
    item: 'gardenkerb',
    material: 'indian aurora',
    length: '6',
    width: '3.3',
    thick: '1',
    m3: '0.051'
  },
  {
    order: '11-074',
    client: 'de Verbinding',
    pcs: '1',
    item: 'bowed',
    material: 'heart viscount white',
    length: '30',
    width: '28',
    thick: '10',
    m3: '0.008'
  }
]
